// Jest Snapshot v1, https://goo.gl/fbAQLP

exports[`renders correctly 1`] = `
<View
  style={
    Array [
      Object {
        "backgroundColor": "#fff",
      },
      undefined,
    ]
  }
>
  <View
    style={
      Array [
        Object {
          "backgroundColor": "#eee",
        },
        Object {
          "height": 548,
        },
      ]
    }
  >
    <Image
      source={1}
      style={
        Object {
          "height": 500,
          "resizeMode": "contain",
          "width": 750,
        }
      }
    />
    <Text
      style={
        Array [
          Object {
            "color": "#000",
          },
          Object {
            "color": "white",
            "fontSize": 26,
            "marginLeft": 15,
            "marginTop": 80,
            "position": "absolute",
          },
        ]
      }
    >
      做任务 享免费排队加速
    </Text>
    <ViewManagerAdapter_ExpoLinearGradient
      proxiedProperties={
        Object {
          "colors": Array [
            1308622847,
            16777215,
          ],
          "endPoint": Array [
            1,
            0,
          ],
          "locations": undefined,
          "startPoint": Array [
            0,
            0,
          ],
        }
      }
      style={
        Object {
          "borderBottomLeftRadius": 15,
          "borderTopLeftRadius": 15,
          "height": 30,
          "marginLeft": 15,
          "marginTop": 137,
          "paddingHorizontal": 15,
          "paddingVertical": 7,
          "position": "absolute",
        }
      }
    >
      <Text
        style={
          Array [
            Object {
              "color": "#000",
            },
            Object {
              "color": "white",
              "fontSize": 14,
            },
          ]
        }
      >
        今日还可以完成0个任务
      </Text>
    </ViewManagerAdapter_ExpoLinearGradient>
    <View
      style={
        Array [
          Object {
            "backgroundColor": "#fff",
          },
          Object {
            "alignItems": "center",
            "borderRadius": 12,
            "flexDirection": "row",
            "height": 96,
            "justifyContent": "space-between",
            "marginHorizontal": 15,
            "marginTop": 452,
            "paddingHorizontal": 20,
            "position": "absolute",
            "width": 720,
          },
        ]
      }
    >
      <View
        style={
          Array [
            Object {
              "backgroundColor": "#fff",
            },
            Object {
              "backgroundColor": "#0000",
            },
          ]
        }
      >
        <Text
          style={
            Array [
              Object {
                "color": "#000",
              },
              Object {
                "color": "#FD7C4B",
                "fontSize": 32,
                "fontStyle": "italic",
                "fontWeight": "bold",
              },
            ]
          }
        >
          0
        </Text>
        <Text
          style={
            Array [
              Object {
                "color": "#000",
              },
              Object {
                "color": "#FD7C4B",
                "fontSize": 16,
                "fontWeight": "bold",
                "marginTop": 5,
              },
            ]
          }
        >
          已获得免排队积分
        </Text>
      </View>
      <Image
        source={1}
        style={
          Object {
            "height": 66,
            "width": 66,
          }
        }
      />
    </View>
  </View>
  <View
    style={
      Array [
        Object {
          "backgroundColor": "#eee",
        },
        Object {
          "alignItems": "center",
          "flexDirection": "row",
          "height": 50,
          "justifyContent": "space-between",
          "paddingHorizontal": 15,
        },
      ]
    }
  >
    <Text
      style={
        Array [
          Object {
            "color": "#000",
          },
          Object {
            "fontSize": 16,
            "fontWeight": "bold",
          },
        ]
      }
    >
      每日任务
    </Text>
    <Text
      style={
        Array [
          Object {
            "color": "#000",
          },
          Object {
            "color": "#B2B2B2",
            "fontSize": 14,
          },
        ]
      }
    >
      任务于每日00:00点更新
    </Text>
  </View>
</View>
`;
